[codewithmosh.teachable.com/p/angular-master-class.html]
[backblue.gif]
[fade.gif]
[index.html]
[d2oz8i5n9se8ej.cloudfront.net/school-css-1507331834-146684-3393d9697e1bd3e8252777b5a8272fea.css]
[www.google.com/recaptcha/api.js]
[d2oz8i5n9se8ej.cloudfront.net/packs/dynamic-page-initializer-2dd6c8204ad5b4faad46.js]
[connect.facebook.net/en_US/fbevents.js]
[www.google-analytics.com/analytics.js]
[codewithmosh.teachable.com/p/about.html]
[d2oz8i5n9se8ej.cloudfront.net/assets/application-667db44d96c323475d49b0e9fd596e2d3c7c011d47752779fd6b0c7d936b2b33.js]
[codewithmosh.teachable.com/p/angular-master-class.html]
[process.fs.teachablecdn.com/ADNupMnWyR7kCWRvm76Laz/resize=width_72,height_72/https_/teachable.com/images/favicons/apple-touch-icon-180x180.png]
[process.fs.teachablecdn.com/ADNupMnWyR7kCWRvm76Laz/resize=width_144,height_144/https_/teachable.com/images/favicons/apple-touch-icon-180x180.png]
[d2oz8i5n9se8ej.cloudfront.net/fonts/glyphicons-halflings-regular.eot]
[d2oz8i5n9se8ej.cloudfront.net/fonts/glyphicons-halflings-regular.woff]
[d2oz8i5n9se8ej.cloudfront.net/fonts/glyphicons-halflings-regular.ttf]
[d2oz8i5n9se8ej.cloudfront.net/fonts/glyphicons-halflings-regulard41d.eot]
[fast.wistia.com/assets/external/E-v1.js]
[d2oz8i5n9se8ej.cloudfront.net/fonts/proxima-nova/proximanova-regular-webfont7adf.eot]
[d2oz8i5n9se8ej.cloudfront.net/fonts/proxima-nova/proximanova-regular-webfont86d7.eot]
[d2oz8i5n9se8ej.cloudfront.net/fonts/proxima-nova/proximanova-regular-webfont7adf.woff]
[d2oz8i5n9se8ej.cloudfront.net/fonts/proxima-nova/proximanova-regitalic-webfont7adf.eot]
[d2oz8i5n9se8ej.cloudfront.net/fonts/proxima-nova/proximanova-regitalic-webfont86d7.eot]
[d2oz8i5n9se8ej.cloudfront.net/fonts/proxima-nova/proximanova-regitalic-webfont7adf.woff]
[d2oz8i5n9se8ej.cloudfront.net/fonts/proxima-nova/proximanova-light-webfont7adf.eot]
[d2oz8i5n9se8ej.cloudfront.net/fonts/proxima-nova/proximanova-light-webfont86d7.eot]
[d2oz8i5n9se8ej.cloudfront.net/fonts/proxima-nova/proximanova-light-webfont7adf.woff]
[d2oz8i5n9se8ej.cloudfront.net/fonts/proxima-nova/proximanova-semibold-webfont7adf.eot]
[d2oz8i5n9se8ej.cloudfront.net/fonts/proxima-nova/proximanova-semibold-webfont86d7.eot]
[d2oz8i5n9se8ej.cloudfront.net/fonts/proxima-nova/proximanova-semibold-webfont7adf.woff]
[d2oz8i5n9se8ej.cloudfront.net/fonts/proxima-nova/proximanova-semibolditalic-webfont7adf.eot]
[d2oz8i5n9se8ej.cloudfront.net/fonts/proxima-nova/proximanova-semibolditalic-webfont86d7.eot]
[d2oz8i5n9se8ej.cloudfront.net/fonts/proxima-nova/proximanova-semibolditalic-webfont7adf.woff]
[d2oz8i5n9se8ej.cloudfront.net/fonts/proxima-nova/proximanova-bold-webfont7adf.eot]
[d2oz8i5n9se8ej.cloudfront.net/fonts/proxima-nova/proximanova-bold-webfont86d7.eot]
[d2oz8i5n9se8ej.cloudfront.net/fonts/proxima-nova/proximanova-bold-webfont7adf.woff]
[d2oz8i5n9se8ej.cloudfront.net/fonts/proxima-nova/proximanova-boldit-webfont7adf.eot]
[d2oz8i5n9se8ej.cloudfront.net/fonts/proxima-nova/proximanova-boldit-webfont86d7.eot]
[d2oz8i5n9se8ej.cloudfront.net/fonts/proxima-nova/proximanova-boldit-webfont7adf.woff]
[d2oz8i5n9se8ej.cloudfront.net/fonts/proxima-nova/proximanova-extrabold-webfont7adf.woff]
[d3gvvapon6fqzo.cloudfront.net/icons/select-up-down.png]
[d2oz8i5n9se8ej.cloudfront.net/icons/course-complete.png]
[d2oz8i5n9se8ej.cloudfront.net/icons/course-incomplete.png]
[d2oz8i5n9se8ej.cloudfront.net/fonts/teachable-sans/TeachableSans-MediumItalic.eot]
[d2oz8i5n9se8ej.cloudfront.net/fonts/teachable-sans/TeachableSans-MediumItalic.woff]
[d2oz8i5n9se8ej.cloudfront.net/fonts/teachable-sans/TeachableSans-MediumItalicd41d.eot]
[d2oz8i5n9se8ej.cloudfront.net/fonts/teachable-sans/TeachableSans-MediumItalic.ttf]
[d2oz8i5n9se8ej.cloudfront.net/fonts/teachable-sans/TeachableSans-Italic.eot]
[d2oz8i5n9se8ej.cloudfront.net/fonts/teachable-sans/TeachableSans-Italic.woff]
[d2oz8i5n9se8ej.cloudfront.net/fonts/teachable-sans/TeachableSans-Italicd41d.eot]
[d2oz8i5n9se8ej.cloudfront.net/fonts/teachable-sans/TeachableSans-Italic.ttf]
[d2oz8i5n9se8ej.cloudfront.net/fonts/teachable-sans/TeachableSans-BoldItalic.eot]
[d2oz8i5n9se8ej.cloudfront.net/fonts/teachable-sans/TeachableSans-BoldItalic.woff]
[d2oz8i5n9se8ej.cloudfront.net/fonts/teachable-sans/TeachableSans-BoldItalicd41d.eot]
[d2oz8i5n9se8ej.cloudfront.net/fonts/teachable-sans/TeachableSans-BoldItalic.ttf]
[d2oz8i5n9se8ej.cloudfront.net/fonts/teachable-sans/TeachableSans-Bold.eot]
[d2oz8i5n9se8ej.cloudfront.net/fonts/teachable-sans/TeachableSans-Bold.woff]
[d2oz8i5n9se8ej.cloudfront.net/fonts/teachable-sans/TeachableSans-Boldd41d.eot]
[d2oz8i5n9se8ej.cloudfront.net/fonts/teachable-sans/TeachableSans-Bold.ttf]
[d2oz8i5n9se8ej.cloudfront.net/fonts/teachable-sans/TeachableSans-SemiBold.eot]
[d2oz8i5n9se8ej.cloudfront.net/fonts/teachable-sans/TeachableSans-SemiBold.woff]
[d2oz8i5n9se8ej.cloudfront.net/fonts/teachable-sans/TeachableSans-SemiBoldd41d.eot]
[d2oz8i5n9se8ej.cloudfront.net/fonts/teachable-sans/TeachableSans-SemiBold.ttf]
[d2oz8i5n9se8ej.cloudfront.net/fonts/teachable-sans/TeachableSans-Medium.eot]
[d2oz8i5n9se8ej.cloudfront.net/fonts/teachable-sans/TeachableSans-Medium.woff]
[d2oz8i5n9se8ej.cloudfront.net/fonts/teachable-sans/TeachableSans-Medium.ttf]
[d2oz8i5n9se8ej.cloudfront.net/fonts/teachable-sans/TeachableSans-Mediumd41d.eot]
[d2oz8i5n9se8ej.cloudfront.net/fonts/teachable-sans/TeachableSans-Regular.eot]
[d2oz8i5n9se8ej.cloudfront.net/fonts/teachable-sans/TeachableSans-Regular.woff]
[d2oz8i5n9se8ej.cloudfront.net/fonts/teachable-sans/TeachableSans-Regulard41d.eot]
[d2oz8i5n9se8ej.cloudfront.net/fonts/teachable-sans/TeachableSans-Regular.ttf]
[d2oz8i5n9se8ej.cloudfront.net/fonts/teachable-sans/TeachableSans-SemiBoldItalic.eot]
[d2oz8i5n9se8ej.cloudfront.net/fonts/teachable-sans/TeachableSans-SemiBoldItalic.woff]
[d2oz8i5n9se8ej.cloudfront.net/fonts/teachable-sans/TeachableSans-SemiBoldItalicd41d.eot]
[d2oz8i5n9se8ej.cloudfront.net/fonts/teachable-sans/TeachableSans-SemiBoldItalic.ttf]
[d2oz8i5n9se8ej.cloudfront.net/admin/assets/images/plan-free.svg]
[d2oz8i5n9se8ej.cloudfront.net/admin/assets/images/plan-basic.svg]
[d2oz8i5n9se8ej.cloudfront.net/admin/assets/images/plan-professional.svg]
[d2oz8i5n9se8ej.cloudfront.net/school-css-1507331834-146684-3393d9697e1bd3e8252777b5a8272fea.css]
[d2oz8i5n9se8ej.cloudfront.net/admin/assets/images/plan-high-volume.svg]
[connect.facebook.net/en_US/fbevents.js]
[codewithmosh.teachable.com/p/terms.47.delayed]
[codewithmosh.teachable.com/p/privacy]
[codewithmosh.teachable.com/p/about.html]
[d2oz8i5n9se8ej.cloudfront.net/fonts/glyphicons-halflings-regular.svg]
[d2oz8i5n9se8ej.cloudfront.net/fonts/proxima-nova/proximanova-extrabold-webfont7adf.html]
[d2oz8i5n9se8ej.cloudfront.net/fonts/proxima-nova/proximanova-extrabold-webfont86d7.html]
[d2oz8i5n9se8ej.cloudfront.net/my-teachable/icon-billing.html]
[d2oz8i5n9se8ej.cloudfront.net/admin/assets/images/plan-free.svg]
[d2oz8i5n9se8ej.cloudfront.net/admin/assets/images/plan-basic.svg]
[d2oz8i5n9se8ej.cloudfront.net/admin/assets/images/plan-professional.svg]
[d2oz8i5n9se8ej.cloudfront.net/admin/assets/images/plan-high-volume.svg]
